// Jest Snapshot v1, https://goo.gl/fbAQLP

exports[`Loader displayed correctly 1`] = `
<div
  className="loader"
>
  Loading...
</div>
`;
